# Tests that if team(In Marvel's example the book) have many children
# priority increases in lexicographical order.

# To run this test, the marvel dataset must exist at
#   hw-marvel/src/main/resources/data/soccerPlayer.csv

loaded graph soccer

path from Mbappe to Pedri:
Mbappe to Messi via Paris-Saint-Germain
Messi to Pedri via Barcelona

path from Pedri to Mbappe:
Pedri to Messi via Barcelona
Messi to Mbappe via Paris-Saint-Germain